[2026-09-07 20:00:04] Batch 1 (tree/reptiles/fish) finished.
[2026-09-07 20:00:04] === Batch: emotion:1000 cot:1000 horse:500 ===
[2026-09-07 20:00:04] START emotion (1000 steps, resume)
[2026-09-07 20:00:04]   pid 94688
[2026-09-07 20:00:04] START cot (1000 steps, resume)
[2026-09-07 20:00:04]   pid 94695
[2026-09-07 20:00:04] START horse (500 steps, resume)
[2026-09-07 20:00:04]   pid 94702
[2026-09-09 16:11:08] === Batch: tree:1500 reptiles:1500 ===
[2026-09-09 16:11:08] START tree (1500 steps, resume)
[2026-09-09 16:11:08]   pid 98109
[2026-09-09 16:11:08] START reptiles (1500 steps, resume)
[2026-09-09 16:11:08]   pid 98116
[2026-09-09 16:56:47] === Batch done ===
[2026-09-09 16:56:47] === Batch: fish:1500 emotion:1500 ===
[2026-09-09 16:56:47] START fish (1500 steps, resume)
[2026-09-09 16:56:47]   pid 4183
[2026-09-09 16:56:47] START emotion (1500 steps, resume)
[2026-09-09 16:56:47]   pid 4190
[2026-09-09 17:42:35] === Batch done ===
[2026-09-09 17:42:35] === Batch: cot:1500 horse:1500 ===
[2026-09-09 17:42:35] START cot (1500 steps, resume)
[2026-09-09 17:42:35]   pid 9414
[2026-09-09 17:42:35] START horse (1500 steps, resume)
[2026-09-09 17:42:35]   pid 9421
[2026-09-09 18:31:59] === Batch done ===
[2026-09-09 18:31:59] === Batch: greeting:1500 knowledge:1500 ===
[2026-09-09 18:31:59] START greeting (1500 steps, resume)
[2026-09-09 18:31:59]   pid 15077
[2026-09-09 18:31:59] START knowledge (1500 steps, resume)
[2026-09-09 18:31:59]   pid 15084
[2026-09-09 19:19:31] === Batch done ===
[2026-09-09 19:19:31] === Batch: coding:1500 python:1500 ===
[2026-09-09 19:19:31] START coding (1500 steps, resume)
[2026-09-09 19:19:31]   pid 22765
[2026-09-09 19:19:31] START python (1500 steps, resume)
[2026-09-09 19:19:31]   pid 22772
[2026-09-09 20:00:06] === Batch done ===
[2026-09-09 20:00:06] All batches complete. Final commit+push.
