Tokenizer loaded (vocab 2000)
Training text: 97,177 characters from /Users/dev/github-projects/joe-brain/data/experts/knowledge/knowledge_train.txt
Encoded: 44,236 tokens
Resumed expert 'knowledge' from /Users/dev/github-projects/joe-brain/data/experts/knowledge/knowledge.npz (Adam step 12500)
Expert 'knowledge': 3,804,624 params | 4 layers | dim 256
Training for 1000 steps | lr=0.0003 | seq=512 | batch=8

  step   100/1000 | loss 0.0353 | lr 3.00e-04 | 0.75 steps/s
  Sample: '\nJoe: Nemotion difalth died into space. This makes stains a flashes likely to ges your plants seeds.'

  step   200/1000 | loss 0.0347 | lr 3.00e-04 | 0.62 steps/s
  Sample: '\nJoe: Plants need sunlight to make food through photosynthesis. Without enough light, they cannot pr'

  step   300/1000 | loss 0.0328 | lr 3.00e-04 | 0.62 steps/s
  Sample: '\nUser: what is an earthquakes\nJoe: Earthquakes are caused by the sudden movement of tectonic plates '

  step   400/1000 | loss 0.0317 | lr 3.00e-04 | 0.68 steps/s
  Sample: '\nJoe: A mineral is a naturally occurring inorganic solid with a specific chemical composition and cr'

  step   500/1000 | loss 0.0328 | lr 3.00e-04 | 0.72 steps/s
  Sample: '\nJoe: An skerow bubacteria are Y melts on one latchsible on the internet.\n\nUser: What is a pine netw'

  step   600/1000 | loss 0.0316 | lr 3.00e-04 | 0.70 steps/s
  Sample: '\nJoe: The prime number is a whole number greater than one that has no divisors other than 1 and itse'

  step   700/1000 | loss 0.0321 | lr 3.00e-04 | 0.70 steps/s
  Sample: '\n\nUser: what is the longest river\nJoe: The Nile is often called the longest river in the world, flow'

  step   800/1000 | loss 0.0303 | lr 3.00e-04 | 0.70 steps/s
  Sample: '\nJoe: A galaxy is a huge collection of stars, gas, and dust held together by gravity. We live in the'

  step   900/1000 | loss 0.0289 | lr 3.00e-04 | 0.71 steps/s
  Sample: '\nJoe: Symbiosis is a close relationship between two different species. It can be helpful, harmful, o'

  step  1000/1000 | loss 0.0291 | lr 3.00e-04 | 0.73 steps/s
  Sample: '\nUser: why do we get dizzy when we spin\nJoe: Spinning moves fluid in the inner ear, which helps cont'

Model saved to /Users/dev/github-projects/joe-brain/data/experts/knowledge/knowledge.npz

Done. Expert 'knowledge' saved to /Users/dev/github-projects/joe-brain/data/experts/knowledge/knowledge.npz
Time: 1452.4s | Final loss: 0.0291
