Tokenizer loaded (vocab 2000)
Training text: 16,884 characters from /data/data/com.termux/files/home/github-projects/joe-brain/data/experts/python/python_train.txt
Encoded: 7,915 tokens
Loaded existing expert 'python' from /data/data/com.termux/files/home/github-projects/joe-brain/data/experts/python/python.npz (fresh optimizer)
Expert 'python': 885,840 params | 3 layers | dim 128
Training for 5000 steps | lr=0.0003 | seq=256 | batch=8

  step    50/5000 | loss 0.0239 | lr 1.50e-04 | 0.13 steps/s
  Sample: '\nUser: What is a module in Python?\nJoe: A module is a single .py file containing functions, classes,'

  step   100/5000 | loss 0.0268 | lr 3.00e-04 | 0.13 steps/s
  Sample: '\nUser: What is a string format in Python?\nJoe: f-strings are the preferred way to format strings lik'

  step   150/5000 | loss 0.0363 | lr 3.00e-04 | 0.13 steps/s
  Sample: '\n\nUser: What is a for loop in Python?\nJoe: A for loop iterates over a sequence like for i in range(5'

  step   200/5000 | loss 0.0332 | lr 3.00e-04 | 0.13 steps/s
  Sample: '\nUser: What is a set in Python?\nJoe: A set is an unordered collection of unique elements defined wit'

Model saved to /data/data/com.termux/files/home/github-projects/joe-brain/data/experts/python/python.npz
  step   250/5000 | loss 0.0278 | lr 3.00e-04 | 0.13 steps/s
  Sample: '\n\nUser: What is the re module in Python?\nJoe: The re module provides regular expression operations l'

  step   300/5000 | loss 0.0278 | lr 2.99e-04 | 0.13 steps/s
  Sample: '\nJoe: A tuple is an ordered immutable collection defined with parentheses like (1, 2, 3), commonly u'

  step   350/5000 | loss 0.0283 | lr 2.99e-04 | 0.13 steps/s
  Sample: '\nJoe: Iterate directly over the file object like with open("f.txt") as f: for line in f: print(line.'

  step   400/5000 | loss 0.0298 | lr 2.98e-04 | 0.13 steps/s
  Sample: '\nUser: What is the __name__ variable in Python?\nJoe: __name__ is a special variable that equals "__m'

Model saved to /data/data/com.termux/files/home/github-projects/joe-brain/data/experts/python/python.npz
  step   450/5000 | loss 0.0294 | lr 2.97e-04 | 0.13 steps/s
  Sample: '\nUser: What is a class method in Python?\nJoe: A class method is defined with @classmethod and receiv'

  step   500/5000 | loss 0.0299 | lr 2.97e-04 | 0.13 steps/s
  Sample: '\n\nUser: What is the math module in Python?\nJoe: The math module provides mathematical functions like'

  step   550/5000 | loss 0.0275 | lr 2.96e-04 | 0.13 steps/s
  Sample: '\nJoe: __init__ is the constructor method called automatically when creating a new instance of a clas'

  step   600/5000 | loss 0.0266 | lr 2.95e-04 | 0.13 steps/s
  Sample: '\nJoe: A list is mutable so you can add, remove, and change elements, while a tuple is immutable afte'

Model saved to /data/data/com.termux/files/home/github-projects/joe-brain/data/experts/python/python.npz
  step   650/5000 | loss 0.0272 | lr 2.94e-04 | 0.13 steps/s
  Sample: '\nUser: What is a decorator in Python?\nJoe: A decorator is a function that wraps another function to '

  step   700/5000 | loss 0.0267 | lr 2.93e-04 | 0.13 steps/s
  Sample: '\nUser: How do I convert a string to an integer in Python?\nJoe: Use int("42") to convert a string to '

  step   750/5000 | loss 0.0273 | lr 2.91e-04 | 0.13 steps/s
  Sample: '\nUser: What is a del statement in Python?\nJoe: del removes a variable, item, or slice like del my_li'

  step   800/5000 | loss 0.0266 | lr 2.90e-04 | 0.13 steps/s
  Sample: '\nUser: What is a while loop in Python?\nJoe: A while loop repeats as long as its condition is true li'

Model saved to /data/data/com.termux/files/home/github-projects/joe-brain/data/experts/python/python.npz
  step   850/5000 | loss 0.0277 | lr 2.89e-04 | 0.13 steps/s
  Sample: '\nUser: What is the sys module in Python?\nJoe: The sys module provides system-specific parameters lik'

  step   900/5000 | loss 0.0255 | lr 2.87e-04 | 0.13 steps/s
  Sample: '\nJoe: A finally block runs code after try/except regardless of whether an exception occurred, common'

  step   950/5000 | loss 0.0265 | lr 2.86e-04 | 0.13 steps/s
  Sample: '\nUser: What is the __repr__ method in Python?\nJoe: __repr__ returns an unambiguous string representa'

  step  1000/5000 | loss 0.0265 | lr 2.84e-04 | 0.13 steps/s
  Sample: '\nJoe: Unpacking assigns elements of an iterable to variables in one line like a, b, c = [1, 2, 3] or'

Model saved to /data/data/com.termux/files/home/github-projects/joe-brain/data/experts/python/python.npz
  step  1050/5000 | loss 0.0252 | lr 2.82e-04 | 0.13 steps/s
  Sample: '\nJoe: The random module generates random numbers with random.randint(a, b) for integers, random.choi'

  step  1100/5000 | loss 0.0253 | lr 2.80e-04 | 0.13 steps/s
  Sample: '\nJoe: The datetime module handles dates and times like datetime.now() for the current time, datetime'

  step  1150/5000 | loss 0.0252 | lr 2.78e-04 | 0.13 steps/s
  Sample: '\nUser: What is a list comprehension in Python?\nJoe: A list comprehension creates a new list in one l'

  step  1200/5000 | loss 0.0269 | lr 2.76e-04 | 0.13 steps/s
  Sample: '\nUser: What is a class in Python?\nJoe: A class is a blueprint for creating objects that bundles data'

Model saved to /data/data/com.termux/files/home/github-projects/joe-brain/data/experts/python/python.npz
  step  1250/5000 | loss 0.0253 | lr 2.74e-04 | 0.13 steps/s
  Sample: '\n\nUser: What is Truthiness in Python?\nJoe: treats some values as boolean in conditions: False, None,'

  step  1300/5000 | loss 0.0289 | lr 2.72e-04 | 0.13 steps/s
  Sample: '\n\nUser: What is a property in Python?\nJoe: A property lets you define a method that acts like an att'

  step  1350/5000 | loss 0.0265 | lr 2.70e-04 | 0.13 steps/s
  Sample: '\n\nUser: What is a class method in Python?\nJoe: A class method is defined with @classmethod and recei'

  step  1400/5000 | loss 0.0255 | lr 2.67e-04 | 0.13 steps/s
  Sample: '\n\nUser: What is a conditional expression in Python?\nJoe: A conditional expression is a one-line tern'

Model saved to /data/data/com.termux/files/home/github-projects/joe-brain/data/experts/python/python.npz
  step  1450/5000 | loss 0.0250 | lr 2.65e-04 | 0.13 steps/s
  Sample: '\nUser: What is **kwargs in Python?\nJoe: **kwargs allows a function to accept any number of keyword a'

  step  1500/5000 | loss 0.0277 | lr 2.62e-04 | 0.13 steps/s
  Sample: '\nUser: What is the with statement in Python?\nJoe: The with statement ensures proper resource managem'

  step  1550/5000 | loss 0.0271 | lr 2.60e-04 | 0.13 steps/s
  Sample: '\nJoe: A property lets you are runtime error that disrupts normal execution, such as ValueError, Type'

  step  1600/5000 | loss 0.0263 | lr 2.57e-04 | 0.13 steps/s
  Sample: '\n\nUser: What is a string in Python?\nJoe: A string is an ordered sequence of characters enclosed in q'

Model saved to /data/data/com.termux/files/home/github-projects/joe-brain/data/experts/python/python.npz
  step  1650/5000 | loss 0.0261 | lr 2.55e-04 | 0.13 steps/s
  Sample: '\nUser: What is a dictionary in Python?\nJoe: A dictionary is an unordered collection of key-value pai'

  step  1700/5000 | loss 0.0251 | lr 2.52e-04 | 0.13 steps/s
  Sample: '\nJoe: A package is a directory containing multiple modules and an __init__.py file, imported like im'

  step  1750/5000 | loss 0.0248 | lr 2.49e-04 | 0.13 steps/s
  Sample: '\nJoe: decorate a class with @dataclass, reducing boilerplate for classes that store data.\n\nUser: Wha'

  step  1800/5000 | loss 0.0251 | lr 2.46e-04 | 0.13 steps/s
  Sample: '\nUser: What is a closure in Python?\nJoe: A closure is an inner function that remembers variables fro'

Model saved to /data/data/com.termux/files/home/github-projects/joe-brain/data/experts/python/python.npz
  step  1850/5000 | loss 0.0258 | lr 2.43e-04 | 0.13 steps/s
  Sample: '\nUser: What is a [-1, 2, -3, 4])) returns [2, 4], though list comprehensions are usually preferred.\n'

  step  1900/5000 | loss 0.0253 | lr 2.40e-04 | 0.13 steps/s
  Sample: '\nJoe: A function is a reusable block of code defined with def name(params): that optionally returns '

  step  1950/5000 | loss 0.0240 | lr 2.38e-04 | 0.13 steps/s
  Sample: '\nUser: What is a while loop in Python?\nJoe: A while loop repeats as long as its condition is true li'

  step  2000/5000 | loss 0.0245 | lr 2.35e-04 | 0.13 steps/s
  Sample: '\nJoe: A dictionary comprehension creates a dictionary in one line like {x: x**2 for x in range(5)} p'

Model saved to /data/data/com.termux/files/home/github-projects/joe-brain/data/experts/python/python.npz
  step  2050/5000 | loss 0.0235 | lr 2.32e-04 | 0.13 steps/s
  Sample: '\nUser: What is **kwargs in Python?\nJoe: **kwargs allows a function to accept any number of keyword a'

  step  2100/5000 | loss 0.0232 | lr 2.28e-04 | 0.13 steps/s
  Sample: '\nUser: What is unpacking in Python?\nJoe: Unpacking assigns elements of an iterable to variables in o'

  step  2150/5000 | loss 0.0247 | lr 2.25e-04 | 0.13 steps/s
  Sample: '\n\nUser: What is the with statement in Python?\nJoe: The with statement ensures proper resource manage'

  step  2200/5000 | loss 0.0235 | lr 2.22e-04 | 0.13 steps/s
  Sample: '\n\nUser: What is a docstring in Python?\nJoe: A docstring is a string literal as the first line in a m'

Model saved to /data/data/com.termux/files/home/github-projects/joe-brain/data/experts/python/python.npz
  step  2250/5000 | loss 0.0241 | lr 2.19e-04 | 0.13 steps/s
  Sample: '\n\nUser: What is filter in Python?\nJoe: filter returns elements that satisfy a condition like list(fi'

  step  2300/5000 | loss 0.0235 | lr 2.16e-04 | 0.13 steps/s
  Sample: '\nUser: What is a class method in Python?\nJoe: A class method is defined with @classmethod and receiv'

  step  2350/5000 | loss 0.0238 | lr 2.13e-04 | 0.13 steps/s
  Sample: '\nUser: What is a dictionary comprehension in Python?\nJoe: A dictionary comprehension creates a dicti'

  step  2400/5000 | loss 0.0229 | lr 2.10e-04 | 0.13 steps/s
  Sample: '\nJoe: A list comprehension creates a new list in one line like squares = [x**2 for x in range(10)], '

Model saved to /data/data/com.termux/files/home/github-projects/joe-brain/data/experts/python/python.npz
  step  2450/5000 | loss 0.0222 | lr 2.06e-04 | 0.13 steps/s
  Sample: '\nJoe: A method is a function defined inside a class that operates on an instance, like def bark(self'

  step  2500/5000 | loss 0.0231 | lr 2.03e-04 | 0.13 steps/s
  Sample: '\nUser: What is a while loop in Python?\nJoe: A while loop repeats as long as its condition is true li'

  step  2550/5000 | loss 0.0236 | lr 2.00e-04 | 0.13 steps/s
  Sample: '\nJoe: A list is mutable so you can add, remove, and change elements, while a tuple is immutable afte'

  step  2600/5000 | loss 0.0230 | lr 1.97e-04 | 0.13 steps/s
  Sample: '\n\nUser: What is a list comprehension in Python?\nJoe: A list comprehension creates a new list in one '

Model saved to /data/data/com.termux/files/home/github-projects/joe-brain/data/experts/python/python.npz
  step  2650/5000 | loss 0.0239 | lr 1.94e-04 | 0.13 steps/s
  Sample: '\n\nUser: What is a generator in Python?\nJoe: A generator is a function that uses yield instead of ret'

  step  2700/5000 | loss 0.0224 | lr 1.90e-04 | 0.13 steps/s
  Sample: '\n\nUser: What is a lambda function in Python?\nJoe: A lambda is a small anonymous function defined in '

  step  2750/5000 | loss 0.0225 | lr 1.87e-04 | 0.13 steps/s
  Sample: '\nJoe: Iterate directly over the file object like with open("f.txt") as f: for line in f: print(line.'

  step  2800/5000 | loss 0.0228 | lr 1.84e-04 | 0.13 steps/s
  Sample: '\n\nUser: What is zip in Python?\nJoe: zip combines multiple iterables into tuples so for a, b in zip(['

Model saved to /data/data/com.termux/files/home/github-projects/joe-brain/data/experts/python/python.npz
  step  2850/5000 | loss 0.0232 | lr 1.81e-04 | 0.13 steps/s
  Sample: '\n\nUser: What is filter in Python?\nJoe: filter returns elements that satisfy a condition like list(fi'

  step  2900/5000 | loss 0.0235 | lr 1.78e-04 | 0.13 steps/s
  Sample: '\n\nUser: What is a while loop in Python?\nJoe: A while loop repeats as long as its condition is true l'

  step  2950/5000 | loss 0.0244 | lr 1.75e-04 | 0.13 steps/s
  Sample: '\nUser: What is the __repr__ method in Python?\nJoe: __repr__ returns an unambiguous string representa'

  step  3000/5000 | loss 0.0247 | lr 1.72e-04 | 0.13 steps/s
  Sample: '\nUser: What is a finally block in Python?\nJoe: A finally block runs code after try/except regardless'

Model saved to /data/data/com.termux/files/home/github-projects/joe-brain/data/experts/python/python.npz
  step  3050/5000 | loss 0.0235 | lr 1.68e-04 | 0.13 steps/s
  Sample: '\nUser: What is the datetime module in Python?\nJoe: The datetime module handles dates and times like '

  step  3100/5000 | loss 0.0238 | lr 1.65e-04 | 0.13 steps/s
  Sample: '\nUser: What is a value in Python?\nJoe: A return value is what a function sends back to the caller us'

  step  3150/5000 | loss 0.0223 | lr 1.62e-04 | 0.13 steps/s
  Sample: '\n\nUser: How do I print something in Python?\nJoe: Use the print function like print("Hello, world!") '

  step  3200/5000 | loss 0.0214 | lr 1.60e-04 | 0.13 steps/s
  Sample: '\n\nUser: What is a dataclass in Python?\nJoe: A dataclass automatically generates __init__, __repr__, '

Model saved to /data/data/com.termux/files/home/github-projects/joe-brain/data/experts/python/python.npz
  step  3250/5000 | loss 0.0221 | lr 1.57e-04 | 0.13 steps/s
  Sample: '\nUser: What is the json module in Python?\nJoe: The json module handles JSON data with json.loads() t'

  step  3300/5000 | loss 0.0218 | lr 1.54e-04 | 0.13 steps/s
  Sample: '\n\nUser: What is a static method in Python?\nJoe: A static method is defined with @staticmethod and do'

  step  3350/5000 | loss 0.0217 | lr 1.51e-04 | 0.13 steps/s
  Sample: '\n\nUser: What is a default parameter in Python?\nJoe: A default parameter gives a fallback value in th'

  step  3400/5000 | loss 0.0226 | lr 1.48e-04 | 0.13 steps/s
  Sample: '\nJoe: A property lets you define a method that acts like an attribute using the @property decorator,'

Model saved to /data/data/com.termux/files/home/github-projects/joe-brain/data/experts/python/python.npz
  step  3450/5000 | loss 0.0236 | lr 1.45e-04 | 0.13 steps/s
  Sample: '\nJoe: The collections module provides specialized containers like Counter for counting elements, def'

  step  3500/5000 | loss 0.0238 | lr 1.43e-04 | 0.13 steps/s
  Sample: '\n\nUser: What is a class method in Python?\nJoe: A class method is defined with @classmethod and recei'

  step  3550/5000 | loss 0.0224 | lr 1.40e-04 | 0.13 steps/s
  Sample: '\nJoe: A string is an ordered sequence of characters enclosed in quotes, supporting operations like s'

  step  3600/5000 | loss 0.0222 | lr 1.38e-04 | 0.13 steps/s
  Sample: '\nJoe: A docstring is a string literal as the first line in a module, class, or function that describ'

Model saved to /data/data/com.termux/files/home/github-projects/joe-brain/data/experts/python/python.npz
  step  3650/5000 | loss 0.0227 | lr 1.35e-04 | 0.13 steps/s
  Sample: '\nUser: What is type checking in Python?\nJoe: Use isinstance(obj, int) to check if an object is an in'

  step  3700/5000 | loss 0.0220 | lr 1.33e-04 | 0.08 steps/s
  Sample: '\n\n\nUser: What is zip in Python?\nJoe: zip combines multiple iterables into tuples so for a, b in zip('

  step  3750/5000 | loss 0.0212 | lr 1.30e-04 | 0.08 steps/s
  Sample: '\n\nUser: What is a tuple in Python?\nJoe: A tuple is an ordered immutable collection defined with pare'

  step  3800/5000 | loss 0.0221 | lr 1.28e-04 | 0.13 steps/s
  Sample: '\n\nUser: What is a docstring in Python?\nJoe: A docstring is a string literal as the first line in a m'

Model saved to /data/data/com.termux/files/home/github-projects/joe-brain/data/experts/python/python.npz
  step  3850/5000 | loss 0.0221 | lr 1.26e-04 | 0.13 steps/s
  Sample: '\nUser: What is map in Python?\nJoe: map applies a function to every element of an iterable like list('

  step  3900/5000 | loss 0.0221 | lr 1.24e-04 | 0.13 steps/s
  Sample: '\n\nUser: What is a list comprehension in Python?\nJoe: A list comprehension creates a new list in one '

  step  3950/5000 | loss 0.0210 | lr 1.22e-04 | 0.13 steps/s
  Sample: '\n\nUser: What is a string in Python?\nJoe: A string is an ordered sequence of characters enclosed in q'

  step  4000/5000 | loss 0.0226 | lr 1.20e-04 | 0.13 steps/s
  Sample: '\nUser: What is a set in Python?\nJoe: A set is an unordered collection of unique elements defined wit'

Model saved to /data/data/com.termux/files/home/github-projects/joe-brain/data/experts/python/python.npz
  step  4050/5000 | loss 0.0218 | lr 1.18e-04 | 0.12 steps/s
  Sample: '\n\nUser: How do I split a string in Python?\nJoe: Use the split method like "hello world".split() retu'

  step  4100/5000 | loss 0.0221 | lr 1.16e-04 | 0.13 steps/s
  Sample: '\nJoe: A boolean is either True or False, used for logical operations with and, or, and not operators'

  step  4150/5000 | loss 0.0209 | lr 1.14e-04 | 0.13 steps/s
  Sample: '\n\nUser: What is a list in Python?\nJoe: A list is an ordered mutable collection defined with square b'

  step  4200/5000 | loss 0.0209 | lr 1.13e-04 | 0.13 steps/s
  Sample: '\nJoe: A list stores all values in memory at once, while a generator produces values on demand one at'

Model saved to /data/data/com.termux/files/home/github-projects/joe-brain/data/experts/python/python.npz
  step  4250/5000 | loss 0.0202 | lr 1.11e-04 | 0.09 steps/s
  Sample: '\n\nUser: What is the sys module in Python?\nJoe: The sys module provides system-specific parameters li'

  step  4300/5000 | loss 0.0214 | lr 1.10e-04 | 0.13 steps/s
  Sample: '\nUser: What is a method in Python?\nJoe: A method is a function defined inside a class that operates '

  step  4350/5000 | loss 0.0223 | lr 1.09e-04 | 0.08 steps/s
  Sample: '\nJoe: The random module generates random numbers with random.randint(a, b) for integers, random.choi'

  step  4400/5000 | loss 0.0211 | lr 1.07e-04 | 0.13 steps/s
  Sample: '\nJoe: continue skips the rest of the current loop iteration and jumps to the next one like for i in '

Model saved to /data/data/com.termux/files/home/github-projects/joe-brain/data/experts/python/python.npz
  step  4450/5000 | loss 0.0211 | lr 1.06e-04 | 0.13 steps/s
  Sample: '\nJoe: A generator is a function that uses yield instead of return, producing values lazily one at a '

  step  4500/5000 | loss 0.0214 | lr 1.05e-04 | 0.13 steps/s
  Sample: '\nJoe: A tuple is an ordered immutable collection defined with parentheses like (1, 2, 3), commonly u'

  step  4550/5000 | loss 0.0197 | lr 1.04e-04 | 0.13 steps/s
  Sample: '\n\nUser: What is map in Python?\nJoe: map applies a function to every element of an iterable like list'

  step  4600/5000 | loss 0.0211 | lr 1.03e-04 | 0.06 steps/s
  Sample: '\nUser: What is a docstring in Python?\nJoe: A docstring is a string literal as the first line in a mo'

Model saved to /data/data/com.termux/files/home/github-projects/joe-brain/data/experts/python/python.npz
  step  4650/5000 | loss 0.0205 | lr 1.03e-04 | 0.05 steps/s
  Sample: '\nUser: What is the collections module in Python?\nJoe: The collections module provides specialized co'

  step  4700/5000 | loss 0.0210 | lr 1.02e-04 | 0.09 steps/s
  Sample: '\nJoe: A list is mutable so you can add, remove, and change elements, while a tuple is immutable afte'

  step  4750/5000 | loss 0.0227 | lr 1.01e-04 | 0.04 steps/s
  Sample: '\n\nUser: What is the assert statement in Python?\nJoe: assert condition, "message" raises an Assertion'

  step  4800/5000 | loss 0.0221 | lr 1.01e-04 | 0.04 steps/s
  Sample: '\n\nUser: What is the os module in Python?\nJoe: The os module provides operating system functions like'

Model saved to /data/data/com.termux/files/home/github-projects/joe-brain/data/experts/python/python.npz
  step  4850/5000 | loss 0.0219 | lr 1.00e-04 | 0.04 steps/s
  Sample: '\nUser: What is __init__ in Python?\nJoe: __init__ is the constructor method called automatically when'

  step  4900/5000 | loss 0.0203 | lr 1.00e-04 | 0.04 steps/s
  Sample: '\n\nUser: What is a method in Python?\nJoe: A method is a function defined inside a class that operates'

  step  4950/5000 | loss 0.0213 | lr 1.00e-04 | 0.04 steps/s
  Sample: '\nJoe: A class is a blueprint for creating objects that bundles data and behavior, defined with class'

  step  5000/5000 | loss 0.0220 | lr 1.00e-04 | 0.04 steps/s
  Sample: '\n\nUser: What is a default parameter in Python?\nJoe: A default parameter gives a fallback value in th'

Model saved to /data/data/com.termux/files/home/github-projects/joe-brain/data/experts/python/python.npz
Model saved to /data/data/com.termux/files/home/github-projects/joe-brain/data/experts/python/python.npz
Model saved to /data/data/com.termux/files/home/github-projects/joe-brain/data/experts/python/python.npz

Done. Expert 'python' saved to /data/data/com.termux/files/home/github-projects/joe-brain/data/experts/python/python.npz
Time: 44986.0s | Final loss: 0.0216
