Tokenizer loaded (vocab 2000)
Training text: 11,556 characters from /data/data/com.termux/files/home/github-projects/joe-brain/data/experts/coding/coding_train.txt
Encoded: 5,156 tokens
Loaded existing expert 'coding' from /data/data/com.termux/files/home/github-projects/joe-brain/data/experts/coding/coding.npz (fresh optimizer)
Expert 'coding': 869,456 params | 3 layers | dim 128
Training for 5000 steps | lr=0.0003 | seq=128 | batch=8

  step    50/5000 | loss 0.0390 | lr 1.50e-04 | 0.33 steps/s
  Sample: '\nUser: what is a float\nJoe: A float is a number with a decimal point, like 3.14 or -0.5.\nUser: what '

  step   100/5000 | loss 0.0390 | lr 3.00e-04 | 0.32 steps/s
  Sample: '\nUser: what is a dictionary\nJoe: A dictionary stores key-value pairs. You create it with curly brace'

  step   150/5000 | loss 0.0398 | lr 3.00e-04 | 0.32 steps/s
  Sample: '\nUser: what is version control\nJoe: Version control tracks changes to code over time. Git is the mos'

  step   200/5000 | loss 0.0427 | lr 3.00e-04 | 0.32 steps/s
  Sample: '\nUser: what is an object\nJoe: An object is an instance of a class. It has data (attributes) and beha'

Model saved to /data/data/com.termux/files/home/github-projects/joe-brain/data/experts/coding/coding.npz
  step   250/5000 | loss 0.0449 | lr 3.00e-04 | 0.32 steps/s
  Sample: '\nJoe: Dynamic programming solves complex problems by breaking them into overlapping subproblems and '

  step   300/5000 | loss 0.0453 | lr 2.99e-04 | 0.32 steps/s
  Sample: '\nJoe: A generator is a function that yields values one at a time using the yield keyword, saving mem'

  step   350/5000 | loss 0.0395 | lr 2.99e-04 | 0.32 steps/s
  Sample: '\nUser: what is binary tree\nJoe: A binary tree is a data structure where each node has at most two ch'

  step   400/5000 | loss 0.0406 | lr 2.98e-04 | 0.32 steps/s
  Sample: '\nUser: what is an API\nJoe: An API is a set of rules that lets different software programs communicat'

Model saved to /data/data/com.termux/files/home/github-projects/joe-brain/data/experts/coding/coding.npz
  step   450/5000 | loss 0.0397 | lr 2.97e-04 | 0.32 steps/s
  Sample: '\nJoe: A function is a reusable block of code that performs a specific task. You define it with def a'

  step   500/5000 | loss 0.0411 | lr 2.97e-04 | 0.32 steps/s
  Sample: '\nJoe: A pull request is a request to merge changes from one branch into another, usually for code re'

  step   550/5000 | loss 0.0402 | lr 2.96e-04 | 0.32 steps/s
  Sample: '\nUser: what is a code smell\nJoe: A code smell is a sign that code has a deeper problem, like being t'

  step   600/5000 | loss 0.0393 | lr 2.95e-04 | 0.32 steps/s
  Sample: '\nUser: what is memory management\nJoe: Memory management is how a program allocates and frees memory.'

Model saved to /data/data/com.termux/files/home/github-projects/joe-brain/data/experts/coding/coding.npz
  step   650/5000 | loss 0.0394 | lr 2.94e-04 | 0.32 steps/s
  Sample: '\nUser: what is a stack\nJoe: A stack is a last-in-first-out data structure. You push items on top and'

  step   700/5000 | loss 0.0396 | lr 2.93e-04 | 0.32 steps/s
  Sample: '\nUser: what is a loop\nJoe: A loop repeats a block of code. Python has for loops for iterating and wh'

  step   750/5000 | loss 0.0406 | lr 2.91e-04 | 0.32 steps/s
  Sample: '\nJoe: A bug is an error in code that makes a program behave incorrectly or crash.\nUser: what is synt'

  step   800/5000 | loss 0.0400 | lr 2.90e-04 | 0.32 steps/s
  Sample: '\nUser: what is a merge\nJoe: A merge combines changes from different branches into one. It can create'

Model saved to /data/data/com.termux/files/home/github-projects/joe-brain/data/experts/coding/coding.npz
  step   850/5000 | loss 0.0404 | lr 2.89e-04 | 0.32 steps/s
  Sample: '\nUser: what is an algorithm\nJoe: An algorithm is a step-by-step procedure to solve a problem or acco'

  step   900/5000 | loss 0.0418 | lr 2.87e-04 | 0.32 steps/s
  Sample: '\nUser: what is a queue\nJoe: A queue is a first-in-first-out data structure. Items are added at the b'

  step   950/5000 | loss 0.0465 | lr 2.86e-04 | 0.32 steps/s
  Sample: '\nUser: what is a string\nJoe: A string is a sequence of characters. You create it with quotes like "h'

  step  1000/5000 | loss 0.0440 | lr 2.84e-04 | 0.32 steps/s
  Sample: '\nUser: what is an interpreter\nJoe: An interpreter reads and executes code line by line. Python is in'

Model saved to /data/data/com.termux/files/home/github-projects/joe-brain/data/experts/coding/coding.npz
  step  1050/5000 | loss 0.0428 | lr 2.82e-04 | 0.32 steps/s
  Sample: '\nJoe: SQL is a language for managing data in relational databases. You use SELECT, INSERT, UPDATE, a'

  step  1100/5000 | loss 0.0428 | lr 2.80e-04 | 0.32 steps/s
  Sample: '\nJoe: A queue is a first-in-first-out data structure. Items are added at the back and removed from t'

  step  1150/5000 | loss 0.0414 | lr 2.78e-04 | 0.32 steps/s
  Sample: '\nJoe: A callback is a function passed as an argument to another function, functions, to be called la'

  step  1200/5000 | loss 0.0433 | lr 2.76e-04 | 0.32 steps/s
  Sample: '\nJoe: A parameter is a variable in a function definition that receives a value when the function is '

Model saved to /data/data/com.termux/files/home/github-projects/joe-brain/data/experts/coding/coding.npz
  step  1250/5000 | loss 0.0403 | lr 2.74e-04 | 0.32 steps/s
  Sample: '\nUser: what is a binary tree\nJoe: A binary tree is a data structure where each node has at most two '

  step  1300/5000 | loss 0.0401 | lr 2.72e-04 | 0.32 steps/s
  Sample: '\nJoe: A REST API uses HTTP methods to perform operations on resources identified by URLs. It is stat'

  step  1350/5000 | loss 0.0401 | lr 2.70e-04 | 0.32 steps/s
  Sample: '\nJoe: An interface is a contract that defines what methods a class must have. Python uses abstract b'

  step  1400/5000 | loss 0.0410 | lr 2.67e-04 | 0.32 steps/s
  Sample: '\nUser: what is a closure\nJoe: A closure is a function that remembers the variables from its outer sc'

Model saved to /data/data/com.termux/files/home/github-projects/joe-brain/data/experts/coding/coding.npz
  step  1450/5000 | loss 0.0411 | lr 2.65e-04 | 0.32 steps/s
  Sample: '\nJoe: A callback is a function passed as an argument to another function, to be called later when an'

  step  1500/5000 | loss 0.0399 | lr 2.62e-04 | 0.32 steps/s
  Sample: '\nUser: what is a merge\nJoe: A merge combines changes from different branches into one. It can create'

  step  1550/5000 | loss 0.0397 | lr 2.60e-04 | 0.32 steps/s
  Sample: '\nUser: what is a compiler\nJoe: A compiler translates entire source code into machine code before run'

  step  1600/5000 | loss 0.0405 | lr 2.57e-04 | 0.32 steps/s
  Sample: '\nJoe: A function is a reusable block of code that performs a specific task. You define it with def a'

Model saved to /data/data/com.termux/files/home/github-projects/joe-brain/data/experts/coding/coding.npz
  step  1650/5000 | loss 0.0406 | lr 2.55e-04 | 0.32 steps/s
  Sample: '\nUser: what is a file handle\nJoe: A file handle is a connection to a file opened with open(). It let'

  step  1700/5000 | loss 0.0382 | lr 2.52e-04 | 0.32 steps/s
  Sample: '\nJoe: Multithreading runs multiple threads concurrently within a single process, sharing the same me'

  step  1750/5000 | loss 0.0383 | lr 2.49e-04 | 0.32 steps/s
  Sample: '\nJoe: A return value is what a function sends back when it finishes. Use the return keyword to speci'

  step  1800/5000 | loss 0.0378 | lr 2.46e-04 | 0.32 steps/s
  Sample: '\nUser: what is a module\nJoe: A module is a file containing Python code that you can import and reuse'

Model saved to /data/data/com.termux/files/home/github-projects/joe-brain/data/experts/coding/coding.npz
  step  1850/5000 | loss 0.0361 | lr 2.43e-04 | 0.32 steps/s
  Sample: '\nJoe: A merge combines changes from different branches into one. It can create conflicts if the same'

  step  1900/5000 | loss 0.0379 | lr 2.40e-04 | 0.32 steps/s
  Sample: '\nJoe: A data structure is a way to organize and store data. Examples include lists, dictionaries, an'

  step  1950/5000 | loss 0.0370 | lr 2.38e-04 | 0.32 steps/s
  Sample: '\nJoe: A decorator is a function that wraps another function to extend its behavior without modifying'

  step  2000/5000 | loss 0.0380 | lr 2.35e-04 | 0.32 steps/s
  Sample: '\nJoe: A module is a file containing Python code that you can import and reuse in other programs.\nUse'

Model saved to /data/data/com.termux/files/home/github-projects/joe-brain/data/experts/coding/coding.npz
  step  2050/5000 | loss 0.0372 | lr 2.32e-04 | 0.32 steps/s
  Sample: '\nUser: what is a database\nJoe: A database is an organized collection of stored information. SQL data'

  step  2100/5000 | loss 0.0376 | lr 2.28e-04 | 0.32 steps/s
  Sample: '\nJoe: Concurrency is handling multiple tasks at once. They may not run simultaneously but take turns'

  step  2150/5000 | loss 0.0379 | lr 2.25e-04 | 0.32 steps/s
  Sample: '\nUser: what is a dictionary\nJoe: A dictionary stores key-value pairs. You create it with curly brace'

  step  2200/5000 | loss 0.0376 | lr 2.22e-04 | 0.32 steps/s
  Sample: '\nUser: what is a boolean\nJoe: A boolean is either True or False. It is used for conditions and logic'

Model saved to /data/data/com.termux/files/home/github-projects/joe-brain/data/experts/coding/coding.npz
  step  2250/5000 | loss 0.0371 | lr 2.19e-04 | 0.32 steps/s
  Sample: '\nUser: what is a abstract class\nJoe: An abstract class cannot be instantiated directly. It defines a'

  step  2300/5000 | loss 0.0375 | lr 2.16e-04 | 0.32 steps/s
  Sample: '\nUser: what is a stack\nJoe: A stack is a last-in-first-out data structure. You push items on top and'

  step  2350/5000 | loss 0.0391 | lr 2.13e-04 | 0.32 steps/s
  Sample: '\nUser: what is a dictionary\nJoe: A dictionary stores key-value pairs. You create it with curly brace'

  step  2400/5000 | loss 0.0397 | lr 2.10e-04 | 0.32 steps/s
  Sample: '\nJoe: A lambda is an anonymous small function defined with lambda keyword. Good for simple one-line '

Model saved to /data/data/com.termux/files/home/github-projects/joe-brain/data/experts/coding/coding.npz
  step  2450/5000 | loss 0.0380 | lr 2.06e-04 | 0.32 steps/s
  Sample: '\nUser: what is object oriented programming\nJoe: Object oriented programming organizes code around ob'

  step  2500/5000 | loss 0.0380 | lr 2.03e-04 | 0.32 steps/s
  Sample: '\nUser: what is concurrency\nJoe: Concurrency is handling multiple tasks at once. They may not run sim'

  step  2550/5000 | loss 0.0360 | lr 2.00e-04 | 0.32 steps/s
  Sample: '\nUser: what is unit testing\nJoe: Unit testing checks individual pieces of code work correctly. You w'

  step  2600/5000 | loss 0.0362 | lr 1.97e-04 | 0.32 steps/s
  Sample: '\nJoe: A static method is a function inside a class that does not receive any implicit first argument'

Model saved to /data/data/com.termux/files/home/github-projects/joe-brain/data/experts/coding/coding.npz
  step  2650/5000 | loss 0.0372 | lr 1.94e-04 | 0.32 steps/s
  Sample: '\nUser: what is polymorphism\nJoe: Polymorphism lets different objects respond to the same method call'

  step  2700/5000 | loss 0.0384 | lr 1.90e-04 | 0.32 steps/s
  Sample: '\nUser: what is a list\nJoe: A list is an ordered collection of items in Python. You create it with sq'

  step  2750/5000 | loss 0.0400 | lr 1.87e-04 | 0.32 steps/s
  Sample: '\nJoe: A binary tree is a data structure where each node has at most two children, called left and ri'

  step  2800/5000 | loss 0.0383 | lr 1.84e-04 | 0.32 steps/s
  Sample: '\nUser: what is a pointer\nJoe: A pointer is a variable that stores the memory address of another vari'

Model saved to /data/data/com.termux/files/home/github-projects/joe-brain/data/experts/coding/coding.npz
  step  2850/5000 | loss 0.0378 | lr 1.81e-04 | 0.32 steps/s
  Sample: '\nJoe: A REST API uses HTTP methods to perform operations on resources identified by URLs. It is stat'

  step  2900/5000 | loss 0.0392 | lr 1.78e-04 | 0.32 steps/s
  Sample: '\nJoe: A code smell is a sign that code has a deeper problem, like being too long, too complex, or du'

  step  2950/5000 | loss 0.0362 | lr 1.75e-04 | 0.32 steps/s
  Sample: '\nUser: what is recursion\nJoe: Recursion is when a function calls itself to solve a problem by breaki'

  step  3000/5000 | loss 0.0387 | lr 1.72e-04 | 0.32 steps/s
  Sample: '\nUser: what is a module\nJoe: A module is a file containing Python code that you can import and reuse'

Model saved to /data/data/com.termux/files/home/github-projects/joe-brain/data/experts/coding/coding.npz
  step  3050/5000 | loss 0.0383 | lr 1.68e-04 | 0.32 steps/s
  Sample: '\nUser: what is an object\nJoe: An object is an instance of a class. It has data (attributes) and beha'

  step  3100/5000 | loss 0.0390 | lr 1.65e-04 | 0.32 steps/s
  Sample: '\nUser: what is inheritance\nJoe: Inheritance lets a new class reuse code from an existing class. The '

  step  3150/5000 | loss 0.0381 | lr 1.62e-04 | 0.32 steps/s
  Sample: '\nJoe: An import brings code from a module into your current program so you can use its functions and'

  step  3200/5000 | loss 0.0379 | lr 1.60e-04 | 0.32 steps/s
  Sample: '\nUser: what is a closure\nJoe: A closure is a function that remembers the variables from its outer sc'

Model saved to /data/data/com.termux/files/home/github-projects/joe-brain/data/experts/coding/coding.npz
  step  3250/5000 | loss 0.0372 | lr 1.57e-04 | 0.32 steps/s
  Sample: '\nUser: what is binary search\nJoe: Binary search finds an item in a sorted list by repeatedly dividin'

  step  3300/5000 | loss 0.0359 | lr 1.54e-04 | 0.32 steps/s
  Sample: '\nUser: what is code review\nJoe: Code review is when other developers examine your code for errors, i'

  step  3350/5000 | loss 0.0365 | lr 1.51e-04 | 0.32 steps/s
  Sample: '\nUser: what is depth first search\nJoe: Depth first search explores a graph by going as deep as possi'

  step  3400/5000 | loss 0.0377 | lr 1.48e-04 | 0.32 steps/s
  Sample: '\nUser: what is a pointer\nJoe: A pointer is a variable that stores the memory address of another vari'

Model saved to /data/data/com.termux/files/home/github-projects/joe-brain/data/experts/coding/coding.npz
  step  3450/5000 | loss 0.0371 | lr 1.45e-04 | 0.32 steps/s
  Sample: '\nUser: what is an event loop\nJoe: An event loop handles asynchronous operations by checking for comp'

  step  3500/5000 | loss 0.0379 | lr 1.43e-04 | 0.32 steps/s
  Sample: '\nUser: what is a queue\nJoe: A queue is a first-in-first-out data structure. Items are added at the b'

  step  3550/5000 | loss 0.0370 | lr 1.40e-04 | 0.32 steps/s
  Sample: '\nUser: what is a tuple\nJoe: A tuple is an ordered immutable collection. You create it with parenthes'

  step  3600/5000 | loss 0.0363 | lr 1.38e-04 | 0.32 steps/s
  Sample: '\nJoe: A variable is a named container that stores a value. In Python you write x = 5 to create one.\n'

Model saved to /data/data/com.termux/files/home/github-projects/joe-brain/data/experts/coding/coding.npz
  step  3650/5000 | loss 0.0376 | lr 1.35e-04 | 0.32 steps/s
  Sample: '\nUser: what is a function\nJoe: A function is a reusable block of code that performs a specific task.'

  step  3700/5000 | loss 0.0379 | lr 1.33e-04 | 0.32 steps/s
  Sample: '\nJoe: Refactoring improves code structure without changing its behavior. It makes code cleaner and e'

  step  3750/5000 | loss 0.0365 | lr 1.30e-04 | 0.32 steps/s
  Sample: '\nJoe: A function is a reusable block of code that performs a specific task. You define it with def a'

  step  3800/5000 | loss 0.0362 | lr 1.28e-04 | 0.32 steps/s
  Sample: '\nUser: what is a compiler\nJoe: A compiler translates entire source code into machine code before run'

Model saved to /data/data/com.termux/files/home/github-projects/joe-brain/data/experts/coding/coding.npz
  step  3850/5000 | loss 0.0364 | lr 1.26e-04 | 0.32 steps/s
  Sample: '\nJoe: An interpreter reads and executes code line by line. Python is interpreted, which makes it fle'

  step  3900/5000 | loss 0.0349 | lr 1.24e-04 | 0.32 steps/s
  Sample: '\nJoe: A pointer is a variable that stores the memory address of another variable. Used in C and C++.'

  step  3950/5000 | loss 0.0367 | lr 1.22e-04 | 0.32 steps/s
  Sample: '\nJoe: An API is a set of rules that lets different software programs communicate with each other.\nUs'

  step  4000/5000 | loss 0.0346 | lr 1.20e-04 | 0.32 steps/s
  Sample: '\nJoe: An import brings code from a module into your current program so you can use its functions and'

Model saved to /data/data/com.termux/files/home/github-projects/joe-brain/data/experts/coding/coding.npz
  step  4050/5000 | loss 0.0358 | lr 1.18e-04 | 0.32 steps/s
  Sample: '\nUser: what is an event loop\nJoe: An event loop handles asynchronous operations by checking for comp'

  step  4100/5000 | loss 0.0374 | lr 1.16e-04 | 0.32 steps/s
  Sample: '\nJoe: JSON is a lightweight data format using key-value pairs. It is widely used for data exchange b'

  step  4150/5000 | loss 0.0358 | lr 1.14e-04 | 0.32 steps/s
  Sample: '\nUser: what is a database\nJoe: A database is an organized collection of stored information. SQL data'

  step  4200/5000 | loss 0.0373 | lr 1.13e-04 | 0.32 steps/s
  Sample: '\nJoe: A generator is a function that yields values one at a time using the yield keyword, saving mem'

Model saved to /data/data/com.termux/files/home/github-projects/joe-brain/data/experts/coding/coding.npz
  step  4250/5000 | loss 0.0376 | lr 1.11e-04 | 0.32 steps/s
  Sample: '\nJoe: Object oriented programming organizes code around objects that bundle data and behavior togeth'

  step  4300/5000 | loss 0.0363 | lr 1.10e-04 | 0.32 steps/s
  Sample: '\nUser: what is a queue\nJoe: A queue is a first-in-first-out data structure. Items are added at the b'

  step  4350/5000 | loss 0.0374 | lr 1.09e-04 | 0.32 steps/s
  Sample: '\nUser: what is an object\nJoe: An object is an instance of a class. It has data (attributes) and beha'

  step  4400/5000 | loss 0.0361 | lr 1.07e-04 | 0.32 steps/s
  Sample: '\nJoe: An algorithm is a step-by-step procedure to solve a problem or accomplish a task.\nUser: what i'

Model saved to /data/data/com.termux/files/home/github-projects/joe-brain/data/experts/coding/coding.npz
  step  4450/5000 | loss 0.0353 | lr 1.06e-04 | 0.32 steps/s
  Sample: '\nJoe: A framework provides a structured foundation with built-in conventions, unlike a library you c'

  step  4500/5000 | loss 0.0370 | lr 1.05e-04 | 0.32 steps/s
  Sample: '\nUser: what is a static method\nJoe: A static method is a function inside a class that does not recei'

  step  4550/5000 | loss 0.0372 | lr 1.04e-04 | 0.32 steps/s
  Sample: '\nJoe: A function is a reusable block of code that performs a specific task. You define it with def a'

  step  4600/5000 | loss 0.0349 | lr 1.03e-04 | 0.32 steps/s
  Sample: '\nJoe: Memory management is how a program allocates and frees memory. Python does this automatically '

Model saved to /data/data/com.termux/files/home/github-projects/joe-brain/data/experts/coding/coding.npz
  step  4650/5000 | loss 0.0361 | lr 1.03e-04 | 0.32 steps/s
  Sample: '\nUser: what is refactoring\nJoe: Refactoring improves code structure without changing its behavior. I'

  step  4700/5000 | loss 0.0343 | lr 1.02e-04 | 0.32 steps/s
  Sample: '\nJoe: A lambda is an anonymous small function defined with lambda keyword. Good for simple one-line '

  step  4750/5000 | loss 0.0361 | lr 1.01e-04 | 0.32 steps/s
  Sample: '\nUser: what is a constructor\nJoe: A constructor creates a new object. In Python, __new__ creates it '

  step  4800/5000 | loss 0.0356 | lr 1.01e-04 | 0.32 steps/s
  Sample: '\nUser: what is a linked list\nJoe: A linked list is a data structure where each element points to the'

Model saved to /data/data/com.termux/files/home/github-projects/joe-brain/data/experts/coding/coding.npz
  step  4850/5000 | loss 0.0381 | lr 1.00e-04 | 0.32 steps/s
  Sample: '\nUser: what is a commit\nJoe: A commit is a snapshot of your code at a point in time. It has a messag'

  step  4900/5000 | loss 0.0352 | lr 1.00e-04 | 0.32 steps/s
  Sample: '\nUser: what is a pointer\nJoe: A pointer is a variable that stores the memory address of another vari'

  step  4950/5000 | loss 0.0369 | lr 1.00e-04 | 0.32 steps/s
  Sample: '\nUser: what is an API\nJoe: An API is a set of rules that lets different software programs communicat'

  step  5000/5000 | loss 0.0370 | lr 1.00e-04 | 0.32 steps/s
  Sample: '\nJoe: Code review is when other developers examine your code for errors, improvements, and best prac'

Model saved to /data/data/com.termux/files/home/github-projects/joe-brain/data/experts/coding/coding.npz
Model saved to /data/data/com.termux/files/home/github-projects/joe-brain/data/experts/coding/coding.npz
Model saved to /data/data/com.termux/files/home/github-projects/joe-brain/data/experts/coding/coding.npz

Done. Expert 'coding' saved to /data/data/com.termux/files/home/github-projects/joe-brain/data/experts/coding/coding.npz
Time: 15644.1s | Final loss: 0.0370
