Tokenizer loaded (vocab 2000)
Training text: 182,921 characters from /Users/dev/github-projects/joe-brain/data/experts/cot/cot_train.txt
Encoded: 108,413 tokens
Resumed expert 'cot' from /Users/dev/github-projects/joe-brain/data/experts/cot/cot.npz (Adam step 9933)
Expert 'cot': 3,804,624 params | 4 layers | dim 256
Training for 1000 steps | lr=0.0003 | seq=512 | batch=8

  step   100/1000 | loss 0.8352 | lr 3.00e-04 | 0.52 steps/s
  Sample: '\n\nUser: What is 1/4 of 1/3 ad4.\nJoe: As fact00 = 120/15 = 3/20 = 30 hours.\n\nUser: A poits * 3/4 = 12'

  step   200/1000 | loss 0.4859 | lr 3.00e-04 | 0.55 steps/s
  Sample: "\nUser: How many full groups of 6 fit in the same 3 ab2. am's and 10 ual remains plus in $5 minutes i"

  step   300/1000 | loss 0.2685 | lr 3.00e-04 | 0.51 steps/s
  Sample: '\nJoe: Tomplus 40 is 1000 minutes = 5 doubages. Lindsay is 8 is 8.\n\nUser: A coat goes and trades for '

  step   400/1000 | loss 0.1742 | lr 3.00e-04 | 0.48 steps/s
  Sample: '\nUser: You have $40 and want to remaining $1.50. What is the cost?\nJoe: 5 * 0.80 = $4.00.\n\nUser: A t'

  step   500/1000 | loss 0.1240 | lr 3.00e-04 | 0.42 steps/s
  Sample: '\nJoe: 9 - 6 = 53 - 5 = 9.\n\nUser: What is 5^3?\nJoe: 5^3 = 5 * 5 * 5 = 25 * 5 = 125.\n\nUser: What is 2^'

  step   600/1000 | loss 0.1007 | lr 3.00e-04 | 0.45 steps/s
  Sample: '\nJoe: Angleast = 2d * 3 = 14, so sqrt(64) = 8.\n\nUser: You deposit $100 buleven per month. Car. What '

  step   700/1000 | loss 0.0889 | lr 3.00e-04 | 0.51 steps/s
  Sample: '\n\nUser: How many ways can 5 people each loa pentral?\nJoe: (n = 4/5, 250 = 2.5 and 2.5 and half is ot'

  step   800/1000 | loss 0.0788 | lr 3.00e-04 | 0.51 steps/s
  Sample: '\n\nUser: A botel is 10/15000 days. What is the high does it reach?\nJoe: By Pythagoras: h^2 = 17^2 - 8'

  step   900/1000 | loss 0.0756 | lr 3.00e-04 | 0.46 steps/s
  Sample: '\n\nUser: Two numbers are 120 and 1 get one more. third. What is the number?\nJoe: 72 / 2, so 3x = 27 a'

  step  1000/1000 | loss 0.0709 | lr 3.00e-04 | 0.48 steps/s
  Sample: '\nUser: A $500 item is discounted 30%, then an extra 10% off the reduced price. What do you pay?\nJoe:'

Model saved to /Users/dev/github-projects/joe-brain/data/experts/cot/cot.npz

Done. Expert 'cot' saved to /Users/dev/github-projects/joe-brain/data/experts/cot/cot.npz
Time: 2060.7s | Final loss: 0.0709
