[main 23303c1] chore: auto-save greeting expert at step 1000
 Committer: Dev <dev@El-Mac-Mini-M2-8.local>
Your name and email address were configured automatically based
on your username and hostname. Please check that they are accurate.
You can suppress this message by setting them explicitly:

    git config --global user.name "Your Name"
    git config --global user.email you@example.com

After doing this, you may fix the identity used for this commit with:

    git commit --amend --reset-author

 2 files changed, 87 insertions(+)
To https://github.com/akivamac/jb.git
   0e33dc1..23303c1  HEAD -> main
Tokenizer loaded (vocab 2000)
Training text: 38,665 characters from /Users/dev/github-projects/joe-brain/data/experts/greeting/greeting_train.txt
Encoded: 18,968 tokens
Resumed expert 'greeting' from /Users/dev/github-projects/joe-brain/data/experts/greeting/greeting.npz (Adam step 3052)
Expert 'greeting': 3,804,624 params | 4 layers | dim 256
Training for 1500 steps | lr=0.0003 | seq=512 | batch=8

  step   100/1500 | loss 1.3380 | lr 3.00e-04 | 0.57 steps/s
  Sample: '\nJoe: Go about me! What are you like into?\n\nUser: anything for coming!\nUser: you do from in bye\nJoe:'

  step   200/1500 | loss 0.2471 | lr 3.00e-04 | 0.48 steps/s
  Sample: "\nUser: hey what's new\nJoe: Not much! Just here and ready to help. What about you?\nUser: hi long time"

  step   300/1500 | loss 0.0918 | lr 3.00e-04 | 0.46 steps/s
  Sample: '\nUser: happy birthday joe\nJoe: Aw thank you! What would you like to talk about?\nUser: hi monkey joe\n'

  step   400/1500 | loss 0.0625 | lr 3.00e-04 | 0.58 steps/s
  Sample: "\nUser: got anyone home\nJoe: I'm home! Step right in. What can I do for you?\nUser: finally found you\n"

  step   500/1500 | loss 0.0518 | lr 3.00e-04 | 0.54 steps/s
  Sample: "\nUser: how's the different day\nJoe: My day mate! How is work treating you?\n\nUser: what's up on this "

  step   600/1500 | loss 0.0411 | lr 3.00e-04 | 0.56 steps/s
  Sample: '\n\nUser: that are you from interesting\nJoe: Honey never does that I am to me, What makes you been tal'

  step   700/1500 | loss 0.0348 | lr 3.00e-04 | 0.57 steps/s
  Sample: '\nJoe: Hey! What is going on?\nUser: hey there partner\nJoe: Hey partner! What can I help with?\nUser: h'

  step   800/1500 | loss 0.0345 | lr 3.00e-04 | 0.58 steps/s
  Sample: '\nUser: hear me\nJoe: Always! I am here I am all ears. What is it?\n\nUser: fun fact about me\nJoe: I lov'

  step   900/1500 | loss 0.0305 | lr 3.00e-04 | 0.46 steps/s
  Sample: '\nUser: do you need help me.\n\nUser: peeps\nJoe: Hey pe me on your mind?\n\nUser: late on\nJoe: About bes '

  step  1000/1500 | loss 0.0269 | lr 3.00e-04 | 0.49 steps/s
  Sample: "\nJoe: No thanks needed! I can wait forever. What's on your mind?\nUser: this chat is my happy place\nJ"

Model saved to /Users/dev/github-projects/joe-brain/data/experts/greeting/greeting.npz
  [pushed greeting expert at step 1000]
  step  1100/1500 | loss 0.0270 | lr 3.00e-04 | 0.59 steps/s
  Sample: '\nUser: both keep this often\nJoe: The second wind is real! It adremembered you getting a good rest la'

  step  1200/1500 | loss 0.0251 | lr 3.00e-04 | 0.48 steps/s
  Sample: "\nJoe: Worst-lished. How's the morning been?\n\nUser: lunchtime\nJoe: Lunchtime! Fuel up and take a brea"

  step  1300/1500 | loss 0.0255 | lr 3.00e-04 | 0.63 steps/s
  Sample: '\nUser: how did your day go\nJoe: It went fairly well! Quiet and productive. How did your day go?\n\nUse'

  step  1400/1500 | loss 0.0246 | lr 3.00e-04 | 0.52 steps/s
  Sample: "\n\nUser: you never disappoint\nJoe: I try my best! Thanks for the faith. What is next?\n\nUser: that's s"

  step  1500/1500 | loss 0.0257 | lr 3.00e-04 | 0.48 steps/s
  Sample: "\nJoe: No thanks needed! I can wait forever. What's on your mind?\nUser: this chat is my happy place\nJ"

Model saved to /Users/dev/github-projects/joe-brain/data/experts/greeting/greeting.npz

Done. Expert 'greeting' saved to /Users/dev/github-projects/joe-brain/data/experts/greeting/greeting.npz
Time: 2843.4s | Final loss: 0.0257
